Archive member included to satisfy reference by file (symbol)

c:/program files (x86)/atollic/truestudio for stm32 9.0.1/armtools/bin/../lib/gcc/arm-atollic-eabi/6.3.1/../../../../arm-atollic-eabi/lib/armv7e-m/fpu\libc_nano.a(lib_a-init.o)
                              startup\startup_stm32f401xe.o (__libc_init_array)
c:/program files (x86)/atollic/truestudio for stm32 9.0.1/armtools/bin/../lib/gcc/arm-atollic-eabi/6.3.1/armv7e-m/fpu\libgcc.a(_aeabi_uldivmod.o)
                              Drivers\STM32F4xx_HAL_Driver\Src\stm32f4xx_hal_rcc.o (__aeabi_uldivmod)
c:/program files (x86)/atollic/truestudio for stm32 9.0.1/armtools/bin/../lib/gcc/arm-atollic-eabi/6.3.1/armv7e-m/fpu\libgcc.a(_udivmoddi4.o)
                              c:/program files (x86)/atollic/truestudio for stm32 9.0.1/armtools/bin/../lib/gcc/arm-atollic-eabi/6.3.1/armv7e-m/fpu\libgcc.a(_aeabi_uldivmod.o) (__udivmoddi4)
c:/program files (x86)/atollic/truestudio for stm32 9.0.1/armtools/bin/../lib/gcc/arm-atollic-eabi/6.3.1/armv7e-m/fpu\libgcc.a(_dvmd_tls.o)
                              c:/program files (x86)/atollic/truestudio for stm32 9.0.1/armtools/bin/../lib/gcc/arm-atollic-eabi/6.3.1/armv7e-m/fpu\libgcc.a(_aeabi_uldivmod.o) (__aeabi_ldiv0)

Allocating common symbols
Common symbol       size              file

lcd                 0x14              Src\main.o
htim10              0x3c              Src\main.o
uwTick              0x4               Drivers\STM32F4xx_HAL_Driver\Src\stm32f4xx_hal.o
pFlash              0x20              Drivers\STM32F4xx_HAL_Driver\Src\stm32f4xx_hal_flash.o
hadc1               0x48              Src\main.o
htim11              0x3c              Src\delay.o
huart2              0x40              Src\main.o

Discarded input sections

 .text          0x00000000        0x0 c:/program files (x86)/atollic/truestudio for stm32 9.0.1/armtools/bin/../lib/gcc/arm-atollic-eabi/6.3.1/armv7e-m/fpu/crti.o
 .data          0x00000000        0x0 c:/program files (x86)/atollic/truestudio for stm32 9.0.1/armtools/bin/../lib/gcc/arm-atollic-eabi/6.3.1/armv7e-m/fpu/crti.o
 .bss           0x00000000        0x0 c:/program files (x86)/atollic/truestudio for stm32 9.0.1/armtools/bin/../lib/gcc/arm-atollic-eabi/6.3.1/armv7e-m/fpu/crti.o
 .data          0x00000000        0x4 c:/program files (x86)/atollic/truestudio for stm32 9.0.1/armtools/bin/../lib/gcc/arm-atollic-eabi/6.3.1/armv7e-m/fpu/crtbegin.o
 .text          0x00000000        0x0 Drivers\STM32F4xx_HAL_Driver\Src\stm32f4xx_hal.o
 .data          0x00000000        0x0 Drivers\STM32F4xx_HAL_Driver\Src\stm32f4xx_hal.o
 .bss           0x00000000        0x0 Drivers\STM32F4xx_HAL_Driver\Src\stm32f4xx_hal.o
 .text.HAL_MspInit
                0x00000000        0x2 Drivers\STM32F4xx_HAL_Driver\Src\stm32f4xx_hal.o
 .text.HAL_MspDeInit
                0x00000000        0x2 Drivers\STM32F4xx_HAL_Driver\Src\stm32f4xx_hal.o
 .text.HAL_DeInit
                0x00000000       0x2c Drivers\STM32F4xx_HAL_Driver\Src\stm32f4xx_hal.o
 .text.HAL_GetTickPrio
                0x00000000        0xc Drivers\STM32F4xx_HAL_Driver\Src\stm32f4xx_hal.o
 .text.HAL_SetTickFreq
                0x00000000       0x24 Drivers\STM32F4xx_HAL_Driver\Src\stm32f4xx_hal.o
 .text.HAL_GetTickFreq
                0x00000000        0xc Drivers\STM32F4xx_HAL_Driver\Src\stm32f4xx_hal.o
 .text.HAL_SuspendTick
                0x00000000       0x10 Drivers\STM32F4xx_HAL_Driver\Src\stm32f4xx_hal.o
 .text.HAL_ResumeTick
                0x00000000       0x10 Drivers\STM32F4xx_HAL_Driver\Src\stm32f4xx_hal.o
 .text.HAL_GetHalVersion
                0x00000000        0x8 Drivers\STM32F4xx_HAL_Driver\Src\stm32f4xx_hal.o
 .text.HAL_GetREVID
                0x00000000        0xc Drivers\STM32F4xx_HAL_Driver\Src\stm32f4xx_hal.o
 .text.HAL_GetDEVID
                0x00000000       0x10 Drivers\STM32F4xx_HAL_Driver\Src\stm32f4xx_hal.o
 .text.HAL_DBGMCU_EnableDBGSleepMode
                0x00000000       0x10 Drivers\STM32F4xx_HAL_Driver\Src\stm32f4xx_hal.o
 .text.HAL_DBGMCU_DisableDBGSleepMode
                0x00000000       0x10 Drivers\STM32F4xx_HAL_Driver\Src\stm32f4xx_hal.o
 .text.HAL_DBGMCU_EnableDBGStopMode
                0x00000000       0x10 Drivers\STM32F4xx_HAL_Driver\Src\stm32f4xx_hal.o
 .text.HAL_DBGMCU_DisableDBGStopMode
                0x00000000       0x10 Drivers\STM32F4xx_HAL_Driver\Src\stm32f4xx_hal.o
 .text.HAL_DBGMCU_EnableDBGStandbyMode
                0x00000000       0x10 Drivers\STM32F4xx_HAL_Driver\Src\stm32f4xx_hal.o
 .text.HAL_DBGMCU_DisableDBGStandbyMode
                0x00000000       0x10 Drivers\STM32F4xx_HAL_Driver\Src\stm32f4xx_hal.o
 .text.HAL_EnableCompensationCell
                0x00000000        0xc Drivers\STM32F4xx_HAL_Driver\Src\stm32f4xx_hal.o
 .text.HAL_DisableCompensationCell
                0x00000000        0xc Drivers\STM32F4xx_HAL_Driver\Src\stm32f4xx_hal.o
 .text.HAL_GetUID
[...]
Memory Configuration

Name             Origin             Length             Attributes
RAM              0x20000000         0x00018000         xrw
FLASH            0x08000000         0x00080000         xr
*default*        0x00000000         0xffffffff

Linker script and memory map

LOAD c:/program files (x86)/atollic/truestudio for stm32 9.0.1/armtools/bin/../lib/gcc/arm-atollic-eabi/6.3.1/armv7e-m/fpu/crti.o
LOAD c:/program files (x86)/atollic/truestudio for stm32 9.0.1/armtools/bin/../lib/gcc/arm-atollic-eabi/6.3.1/armv7e-m/fpu/crtbegin.o
LOAD Drivers\STM32F4xx_HAL_Driver\Src\stm32f4xx_hal.o
LOAD Drivers\STM32F4xx_HAL_Driver\Src\stm32f4xx_hal_adc.o
LOAD Drivers\STM32F4xx_HAL_Driver\Src\stm32f4xx_hal_adc_ex.o
LOAD Drivers\STM32F4xx_HAL_Driver\Src\stm32f4xx_hal_cortex.o
LOAD Drivers\STM32F4xx_HAL_Driver\Src\stm32f4xx_hal_dma.o
LOAD Drivers\STM32F4xx_HAL_Driver\Src\stm32f4xx_hal_dma_ex.o
LOAD Drivers\STM32F4xx_HAL_Driver\Src\stm32f4xx_hal_flash.o
LOAD Drivers\STM32F4xx_HAL_Driver\Src\stm32f4xx_hal_flash_ex.o
LOAD Drivers\STM32F4xx_HAL_Driver\Src\stm32f4xx_hal_flash_ramfunc.o
LOAD Drivers\STM32F4xx_HAL_Driver\Src\stm32f4xx_hal_gpio.o
LOAD Drivers\STM32F4xx_HAL_Driver\Src\stm32f4xx_hal_pwr.o
LOAD Drivers\STM32F4xx_HAL_Driver\Src\stm32f4xx_hal_pwr_ex.o
LOAD Drivers\STM32F4xx_HAL_Driver\Src\stm32f4xx_hal_rcc.o
LOAD Drivers\STM32F4xx_HAL_Driver\Src\stm32f4xx_hal_rcc_ex.o
LOAD Drivers\STM32F4xx_HAL_Driver\Src\stm32f4xx_hal_tim.o
LOAD Drivers\STM32F4xx_HAL_Driver\Src\stm32f4xx_hal_tim_ex.o
LOAD Drivers\STM32F4xx_HAL_Driver\Src\stm32f4xx_hal_uart.o
LOAD Src\delay.o
LOAD Src\lcdDisplay.o
LOAD Src\main.o
LOAD Src\stm32f4xx_hal_msp.o
LOAD Src\stm32f4xx_it.o
LOAD Src\system_stm32f4xx.o
LOAD startup\startup_stm32f401xe.o
                0x00000080                malloc_getpagesize_P = 0x80
START GROUP
LOAD c:/program files (x86)/atollic/truestudio for stm32 9.0.1/armtools/bin/../lib/gcc/arm-atollic-eabi/6.3.1/../../../../arm-atollic-eabi/lib/armv7e-m/fpu\libc_nano.a
LOAD c:/program files (x86)/atollic/truestudio for stm32 9.0.1/armtools/bin/../lib/gcc/arm-atollic-eabi/6.3.1/../../../../arm-atollic-eabi/lib/armv7e-m/fpu\libm.a
END GROUP
START GROUP
LOAD c:/program files (x86)/atollic/truestudio for stm32 9.0.1/armtools/bin/../lib/gcc/arm-atollic-eabi/6.3.1/armv7e-m/fpu\libgcc.a
LOAD c:/program files (x86)/atollic/truestudio for stm32 9.0.1/armtools/bin/../lib/gcc/arm-atollic-eabi/6.3.1/../../../../arm-atollic-eabi/lib/armv7e-m/fpu\libc_nano.a
END GROUP
START GROUP
LOAD c:/program files (x86)/atollic/truestudio for stm32 9.0.1/armtools/bin/../lib/gcc/arm-atollic-eabi/6.3.1/armv7e-m/fpu\libgcc.a
LOAD c:/program files (x86)/atollic/truestudio for stm32 9.0.1/armtools/bin/../lib/gcc/arm-atollic-eabi/6.3.1/../../../../arm-atollic-eabi/lib/armv7e-m/fpu\libc_nano.a
LOAD c:/program files (x86)/atollic/truestudio for stm32 9.0.1/armtools/bin/../lib/gcc/arm-atollic-eabi/6.3.1/../../../../arm-atollic-eabi/lib/armv7e-m/fpu\libnosys.a
END GROUP
START GROUP
LOAD c:/program files (x86)/atollic/truestudio for stm32 9.0.1/armtools/bin/../lib/gcc/arm-atollic-eabi/6.3.1/armv7e-m/fpu\libgcc.a
LOAD c:/program files (x86)/atollic/truestudio for stm32 9.0.1/armtools/bin/../lib/gcc/arm-atollic-eabi/6.3.1/../../../../arm-atollic-eabi/lib/armv7e-m/fpu\libc_nano.a
LOAD c:/program files (x86)/atollic/truestudio for stm32 9.0.1/armtools/bin/../lib/gcc/arm-atollic-eabi/6.3.1/../../../../arm-atollic-eabi/lib/armv7e-m/fpu\libnosys.a
END GROUP
LOAD c:/program files (x86)/atollic/truestudio for stm32 9.0.1/armtools/bin/../lib/gcc/arm-atollic-eabi/6.3.1/armv7e-m/fpu/crtend.o
LOAD c:/program files (x86)/atollic/truestudio for stm32 9.0.1/armtools/bin/../lib/gcc/arm-atollic-eabi/6.3.1/armv7e-m/fpu/crtn.o
                0x20018000                _estack = 0x20018000
                0x00000200                _Min_Heap_Size = 0x200
                0x00000400                _Min_Stack_Size = 0x400

.isr_vector     0x08000000      0x194
                0x08000000                . = ALIGN (0x4)
 *(.isr_vector)
 .isr_vector    0x08000000      0x194 startup\startup_stm32f401xe.o
                0x08000000                g_pfnVectors
                0x08000194                . = ALIGN (0x4)

.text           0x08000194     0x1b00
                0x08000194                . = ALIGN (0x4)
 *(.text)
 .text          0x08000194       0x40 c:/program files (x86)/atollic/truestudio for stm32 9.0.1/armtools/bin/../lib/gcc/arm-atollic-eabi/6.3.1/armv7e-m/fpu/crtbegin.o
 .text          0x080001d4       0x30 c:/program files (x86)/atollic/truestudio for stm32 9.0.1/armtools/bin/../lib/gcc/arm-atollic-eabi/6.3.1/armv7e-m/fpu\libgcc.a(_aeabi_uldivmod.o)
                0x080001d4                __aeabi_uldivmod
 .text          0x08000204      0x2dc c:/program files (x86)/atollic/truestudio for stm32 9.0.1/armtools/bin/../lib/gcc/arm-atollic-eabi/6.3.1/armv7e-m/fpu\libgcc.a(_udivmoddi4.o)
                0x08000204                __udivmoddi4
 .text          0x080004e0        0x4 c:/program files (x86)/atollic/truestudio for stm32 9.0.1/armtools/bin/../lib/gcc/arm-atollic-eabi/6.3.1/armv7e-m/fpu\libgcc.a(_dvmd_tls.o)
                0x080004e0                __aeabi_idiv0
                0x080004e0                __aeabi_ldiv0
 *(.text*)
 .text.HAL_InitTick
                0x080004e4       0x48 Drivers\STM32F4xx_HAL_Driver\Src\stm32f4xx_hal.o
                0x080004e4                HAL_InitTick
 .text.HAL_Init
                0x0800052c       0x34 Drivers\STM32F4xx_HAL_Driver\Src\stm32f4xx_hal.o
                0x0800052c                HAL_Init
 .text.HAL_IncTick
                0x08000560       0x18 Drivers\STM32F4xx_HAL_Driver\Src\stm32f4xx_hal.o
                0x08000560                HAL_IncTick
 .text.HAL_GetTick
                0x08000578        0xc Drivers\STM32F4xx_HAL_Driver\Src\stm32f4xx_hal.o
                0x08000578                HAL_GetTick
 .text.HAL_Delay
                0x08000584       0x28 Drivers\STM32F4xx_HAL_Driver\Src\stm32f4xx_hal.o
                0x08000584                HAL_Delay
 .text.HAL_ADC_Init
                0x080005ac      0x148 Drivers\STM32F4xx_HAL_Driver\Src\stm32f4xx_hal_adc.o
                0x080005ac                HAL_ADC_Init
 .text.HAL_ADC_ConfigChannel
                0x080006f4      0x12c Drivers\STM32F4xx_HAL_Driver\Src\stm32f4xx_hal_adc.o
                0x080006f4                HAL_ADC_ConfigChannel
 .text.HAL_NVIC_SetPriorityGrouping
                0x08000820       0x24 Drivers\STM32F4xx_HAL_Driver\Src\stm32f4xx_hal_cortex.o
                0x08000820                HAL_NVIC_SetPriorityGrouping
 .text.HAL_NVIC_SetPriority
                0x08000844       0x68 Drivers\STM32F4xx_HAL_Driver\Src\stm32f4xx_hal_cortex.o
                0x08000844                HAL_NVIC_SetPriority
 .text.HAL_NVIC_EnableIRQ
                0x080008ac       0x18 Drivers\STM32F4xx_HAL_Driver\Src\stm32f4xx_hal_cortex.o
                0x080008ac                HAL_NVIC_EnableIRQ
 .text.HAL_SYSTICK_Config
                0x080008c4       0x2c Drivers\STM32F4xx_HAL_Driver\Src\stm32f4xx_hal_cortex.o
                0x080008c4                HAL_SYSTICK_Config
 .text.HAL_SYSTICK_CLKSourceConfig
                0x080008f0       0x18 Drivers\STM32F4xx_HAL_Driver\Src\stm32f4xx_hal_cortex.o
                0x080008f0                HAL_SYSTICK_CLKSourceConfig
 .text.HAL_SYSTICK_Callback
                0x08000908        0x2 Drivers\STM32F4xx_HAL_Driver\Src\stm32f4xx_hal_cortex.o
                0x08000908                HAL_SYSTICK_Callback
 .text.HAL_SYSTICK_IRQHandler
                0x0800090a        0x8 Drivers\STM32F4xx_HAL_Driver\Src\stm32f4xx_hal_cortex.o
                0x0800090a                HAL_SYSTICK_IRQHandler
 *fill*         0x08000912        0x2 
 .text.HAL_GPIO_Init
                0x08000914      0x1ac Drivers\STM32F4xx_HAL_Driver\Src\stm32f4xx_hal_gpio.o
                0x08000914                HAL_GPIO_Init
 .text.HAL_GPIO_WritePin
                0x08000ac0        0xa Drivers\STM32F4xx_HAL_Driver\Src\stm32f4xx_hal_gpio.o
                0x08000ac0                HAL_GPIO_WritePin
 .text.HAL_GPIO_TogglePin
                0x08000aca        0x8 Drivers\STM32F4xx_HAL_Driver\Src\stm32f4xx_hal_gpio.o
                0x08000aca                HAL_GPIO_TogglePin
 *fill*         0x08000ad2        0x2 
 .text.HAL_RCC_OscConfig
                0x08000ad4      0x304 Drivers\STM32F4xx_HAL_Driver\Src\stm32f4xx_hal_rcc.o
                0x08000ad4                HAL_RCC_OscConfig
 .text.HAL_RCC_GetSysClockFreq
                0x08000dd8       0x5c Drivers\STM32F4xx_HAL_Driver\Src\stm32f4xx_hal_rcc.o
                0x08000dd8                HAL_RCC_GetSysClockFreq
 .text.HAL_RCC_ClockConfig
                0x08000e34      0x134 Drivers\STM32F4xx_HAL_Driver\Src\stm32f4xx_hal_rcc.o
                0x08000e34                HAL_RCC_ClockConfig
 .text.HAL_RCC_GetHCLKFreq
                0x08000f68        0xc Drivers\STM32F4xx_HAL_Driver\Src\stm32f4xx_hal_rcc.o
                0x08000f68                HAL_RCC_GetHCLKFreq
 .text.HAL_RCC_GetPCLK1Freq
                0x08000f74       0x20 Drivers\STM32F4xx_HAL_Driver\Src\stm32f4xx_hal_rcc.o
                0x08000f74                HAL_RCC_GetPCLK1Freq
 .text.HAL_RCC_GetPCLK2Freq
                0x08000f94       0x20 Drivers\STM32F4xx_HAL_Driver\Src\stm32f4xx_hal_rcc.o
                0x08000f94                HAL_RCC_GetPCLK2Freq
 .text.HAL_TIM_Base_Start_IT
                0x08000fb4       0x16 Drivers\STM32F4xx_HAL_Driver\Src\stm32f4xx_hal_tim.o
                0x08000fb4                HAL_TIM_Base_Start_IT
 .text.HAL_TIM_Base_Stop_IT
                0x08000fca       0x2a Drivers\STM32F4xx_HAL_Driver\Src\stm32f4xx_hal_tim.o
                0x08000fca                HAL_TIM_Base_Stop_IT
 .text.HAL_TIM_PeriodElapsedCallback
                0x08000ff4        0x2 Drivers\STM32F4xx_HAL_Driver\Src\stm32f4xx_hal_tim.o
                0x08000ff4                HAL_TIM_PeriodElapsedCallback
 .text.HAL_TIM_OC_DelayElapsedCallback
                0x08000ff6        0x2 Drivers\STM32F4xx_HAL_Driver\Src\stm32f4xx_hal_tim.o
                0x08000ff6                HAL_TIM_OC_DelayElapsedCallback
 .text.HAL_TIM_IC_CaptureCallback
                0x08000ff8        0x2 Drivers\STM32F4xx_HAL_Driver\Src\stm32f4xx_hal_tim.o
                0x08000ff8                HAL_TIM_IC_CaptureCallback
 .text.HAL_TIM_PWM_PulseFinishedCallback
                0x08000ffa        0x2 Drivers\STM32F4xx_HAL_Driver\Src\stm32f4xx_hal_tim.o
                0x08000ffa                HAL_TIM_PWM_PulseFinishedCallback
 .text.HAL_TIM_TriggerCallback
                0x08000ffc        0x2 Drivers\STM32F4xx_HAL_Driver\Src\stm32f4xx_hal_tim.o
                0x08000ffc                HAL_TIM_TriggerCallback
 .text.HAL_TIM_IRQHandler
                0x08000ffe      0x144 Drivers\STM32F4xx_HAL_Driver\Src\stm32f4xx_hal_tim.o
                0x08000ffe                HAL_TIM_IRQHandler
 *fill*         0x08001142        0x2 
 .text.TIM_Base_SetConfig
                0x08001144       0x98 Drivers\STM32F4xx_HAL_Driver\Src\stm32f4xx_hal_tim.o
                0x08001144                TIM_Base_SetConfig
 .text.HAL_TIM_Base_Init
                0x080011dc       0x34 Drivers\STM32F4xx_HAL_Driver\Src\stm32f4xx_hal_tim.o
                0x080011dc                HAL_TIM_Base_Init
 .text.HAL_TIMEx_CommutationCallback
                0x08001210        0x2 Drivers\STM32F4xx_HAL_Driver\Src\stm32f4xx_hal_tim_ex.o
                0x08001210                HAL_TIMEx_CommutationCallback
 .text.HAL_TIMEx_BreakCallback
                0x08001212        0x2 Drivers\STM32F4xx_HAL_Driver\Src\stm32f4xx_hal_tim_ex.o
                0x08001212                HAL_TIMEx_BreakCallback
 .text.UART_SetConfig
                0x08001214      0x234 Drivers\STM32F4xx_HAL_Driver\Src\stm32f4xx_hal_uart.o
 .text.HAL_UART_Init
                0x08001448       0x5c Drivers\STM32F4xx_HAL_Driver\Src\stm32f4xx_hal_uart.o
                0x08001448                HAL_UART_Init
 .text.delay_us
                0x080014a4       0x2c Src\delay.o
                0x080014a4                delay_us
 .text.TextLCD_Strobe
                0x080014d0       0x2e Src\lcdDisplay.o
                0x080014d0                TextLCD_Strobe
 .text.TextLCD_Cmd
                0x080014fe       0x3a Src\lcdDisplay.o
                0x080014fe                TextLCD_Cmd
 .text.TextLCD_Init
                0x08001538       0x82 Src\lcdDisplay.o
                0x08001538                TextLCD_Init
 .text.TextLCD_Data
                0x080015ba       0x3a Src\lcdDisplay.o
                0x080015ba                TextLCD_Data
 .text.TextLCD_Position
                0x080015f4       0x1a Src\lcdDisplay.o
                0x080015f4                TextLCD_Position
 .text.TextLCD_Putchar
                0x0800160e       0x10 Src\lcdDisplay.o
                0x0800160e                TextLCD_Putchar
 .text.TextLCD_Puts
                0x0800161e       0x1e Src\lcdDisplay.o
                0x0800161e                TextLCD_Puts
 .text.SystemClock_Config
                0x0800163c       0xac Src\main.o
                0x0800163c                SystemClock_Config
 .text.startup.main
                0x080016e8      0x2d0 Src\main.o
                0x080016e8                main
 .text.HAL_MspInit
                0x080019b8       0x90 Src\stm32f4xx_hal_msp.o
                0x080019b8                HAL_MspInit
 .text.HAL_ADC_MspInit
                0x08001a48       0x44 Src\stm32f4xx_hal_msp.o
                0x08001a48                HAL_ADC_MspInit
 .text.HAL_TIM_Base_MspInit
                0x08001a8c       0x6c Src\stm32f4xx_hal_msp.o
                0x08001a8c                HAL_TIM_Base_MspInit
 .text.HAL_UART_MspInit
                0x08001af8       0x4c Src\stm32f4xx_hal_msp.o
                0x08001af8                HAL_UART_MspInit
 .text.NMI_Handler
                0x08001b44        0x2 Src\stm32f4xx_it.o
                0x08001b44                NMI_Handler
 .text.HardFault_Handler
                0x08001b46        0x2 Src\stm32f4xx_it.o
                0x08001b46                HardFault_Handler
 .text.MemManage_Handler
                0x08001b48        0x2 Src\stm32f4xx_it.o
                0x08001b48                MemManage_Handler
 .text.BusFault_Handler
                0x08001b4a        0x2 Src\stm32f4xx_it.o
                0x08001b4a                BusFault_Handler
 .text.UsageFault_Handler
                0x08001b4c        0x2 Src\stm32f4xx_it.o
                0x08001b4c                UsageFault_Handler
 .text.SVC_Handler
                0x08001b4e        0x2 Src\stm32f4xx_it.o
                0x08001b4e                SVC_Handler
 .text.DebugMon_Handler
                0x08001b50        0x2 Src\stm32f4xx_it.o
                0x08001b50                DebugMon_Handler
 .text.PendSV_Handler
                0x08001b52        0x2 Src\stm32f4xx_it.o
                0x08001b52                PendSV_Handler
 .text.SysTick_Handler
                0x08001b54        0xe Src\stm32f4xx_it.o
                0x08001b54                SysTick_Handler
 *fill*         0x08001b62        0x2 
 .text.TIM1_UP_TIM10_IRQHandler
                0x08001b64       0x18 Src\stm32f4xx_it.o
                0x08001b64                TIM1_UP_TIM10_IRQHandler
 .text.TIM1_TRG_COM_TIM11_IRQHandler
                0x08001b7c       0x18 Src\stm32f4xx_it.o
                0x08001b7c                TIM1_TRG_COM_TIM11_IRQHandler
 .text.SystemInit
                0x08001b94       0x4c Src\system_stm32f4xx.o
                0x08001b94                SystemInit
 .text.Reset_Handler
                0x08001be0       0x50 startup\startup_stm32f401xe.o
                0x08001be0                Reset_Handler
 .text.Default_Handler
                0x08001c30        0x2 startup\startup_stm32f401xe.o
                0x08001c30                RTC_Alarm_IRQHandler
                0x08001c30                EXTI2_IRQHandler
                0x08001c30                SPI4_IRQHandler
                0x08001c30                TIM1_CC_IRQHandler
                0x08001c30                DMA2_Stream5_IRQHandler
                0x08001c30                DMA1_Stream5_IRQHandler
                0x08001c30                PVD_IRQHandler
                0x08001c30                SDIO_IRQHandler
                0x08001c30                TAMP_STAMP_IRQHandler
                0x08001c30                EXTI3_IRQHandler
                0x08001c30                I2C3_ER_IRQHandler
                0x08001c30                EXTI0_IRQHandler
                0x08001c30                I2C2_EV_IRQHandler
                0x08001c30                DMA1_Stream2_IRQHandler
                0x08001c30                FPU_IRQHandler
                0x08001c30                DMA2_Stream2_IRQHandler
                0x08001c30                SPI1_IRQHandler
                0x08001c30                TIM1_BRK_TIM9_IRQHandler
                0x08001c30                DMA2_Stream3_IRQHandler
                0x08001c30                USART6_IRQHandler
                0x08001c30                DMA2_Stream0_IRQHandler
                0x08001c30                TIM4_IRQHandler
                0x08001c30                I2C1_EV_IRQHandler
                0x08001c30                DMA1_Stream6_IRQHandler
                0x08001c30                DMA1_Stream1_IRQHandler
                0x08001c30                TIM3_IRQHandler
                0x08001c30                RCC_IRQHandler
                0x08001c30                Default_Handler
                0x08001c30                EXTI15_10_IRQHandler
                0x08001c30                ADC_IRQHandler
                0x08001c30                DMA1_Stream7_IRQHandler
                0x08001c30                TIM5_IRQHandler
                0x08001c30                DMA2_Stream7_IRQHandler
                0x08001c30                I2C3_EV_IRQHandler
                0x08001c30                EXTI9_5_IRQHandler
                0x08001c30                RTC_WKUP_IRQHandler
                0x08001c30                SPI2_IRQHandler
                0x08001c30                DMA1_Stream0_IRQHandler
                0x08001c30                EXTI4_IRQHandler
                0x08001c30                WWDG_IRQHandler
                0x08001c30                TIM2_IRQHandler
                0x08001c30                OTG_FS_WKUP_IRQHandler
                0x08001c30                EXTI1_IRQHandler
                0x08001c30                USART2_IRQHandler
                0x08001c30                I2C2_ER_IRQHandler
                0x08001c30                DMA2_Stream1_IRQHandler
                0x08001c30                FLASH_IRQHandler
                0x08001c30                DMA2_Stream4_IRQHandler
                0x08001c30                USART1_IRQHandler
                0x08001c30                OTG_FS_IRQHandler
                0x08001c30                SPI3_IRQHandler
                0x08001c30                DMA1_Stream4_IRQHandler
                0x08001c30                I2C1_ER_IRQHandler
                0x08001c30                DMA2_Stream6_IRQHandler
                0x08001c30                DMA1_Stream3_IRQHandler
 *fill*         0x08001c32        0x2 
 .text.__libc_init_array
                0x08001c34       0x48 c:/program files (x86)/atollic/truestudio for stm32 9.0.1/armtools/bin/../lib/gcc/arm-atollic-eabi/6.3.1/../../../../arm-atollic-eabi/lib/armv7e-m/fpu\libc_nano.a(lib_a-init.o)
                0x08001c34                __libc_init_array
 *(.glue_7)
 .glue_7        0x08001c7c        0x0 linker stubs
 *(.glue_7t)
 .glue_7t       0x08001c7c        0x0 linker stubs
 *(.eh_frame)
 .eh_frame      0x08001c7c        0x0 c:/program files (x86)/atollic/truestudio for stm32 9.0.1/armtools/bin/../lib/gcc/arm-atollic-eabi/6.3.1/armv7e-m/fpu/crtbegin.o
 *(.init)
 .init          0x08001c7c        0x4 c:/program files (x86)/atollic/truestudio for stm32 9.0.1/armtools/bin/../lib/gcc/arm-atollic-eabi/6.3.1/armv7e-m/fpu/crti.o
                0x08001c7c                _init
 .init          0x08001c80        0x8 c:/program files (x86)/atollic/truestudio for stm32 9.0.1/armtools/bin/../lib/gcc/arm-atollic-eabi/6.3.1/armv7e-m/fpu/crtn.o
 *(.fini)
 .fini          0x08001c88        0x4 c:/program files (x86)/atollic/truestudio for stm32 9.0.1/armtools/bin/../lib/gcc/arm-atollic-eabi/6.3.1/armv7e-m/fpu/crti.o
                0x08001c88                _fini
 .fini          0x08001c8c        0x8 c:/program files (x86)/atollic/truestudio for stm32 9.0.1/armtools/bin/../lib/gcc/arm-atollic-eabi/6.3.1/armv7e-m/fpu/crtn.o
                0x08001c94                . = ALIGN (0x4)
                0x08001c94                _etext = .

.vfp11_veneer   0x08001c94        0x0
 .vfp11_veneer  0x08001c94        0x0 linker stubs

.v4_bx          0x08001c94        0x0
 .v4_bx         0x08001c94        0x0 linker stubs

.iplt           0x08001c94        0x0
 .iplt          0x08001c94        0x0 c:/program files (x86)/atollic/truestudio for stm32 9.0.1/armtools/bin/../lib/gcc/arm-atollic-eabi/6.3.1/armv7e-m/fpu/crtbegin.o

.rodata         0x08001c94       0x24
                0x08001c94                . = ALIGN (0x4)
 *(.rodata)
 *(.rodata*)
 .rodata.main.str1.1
                0x08001c94        0xb Src\main.o
 .rodata.AHBPrescTable
                0x08001c9f       0x10 Src\system_stm32f4xx.o
                0x08001c9f                AHBPrescTable
 .rodata.APBPrescTable
                0x08001caf        0x8 Src\system_stm32f4xx.o
                0x08001caf                APBPrescTable
                0x08001cb8                . = ALIGN (0x4)
 *fill*         0x08001cb7        0x1 

.ARM.extab
 *(.ARM.extab* .gnu.linkonce.armextab.*)

.ARM            0x08001cb8        0x8
                0x08001cb8                __exidx_start = .
 *(.ARM.exidx*)
 .ARM.exidx     0x08001cb8        0x8 c:/program files (x86)/atollic/truestudio for stm32 9.0.1/armtools/bin/../lib/gcc/arm-atollic-eabi/6.3.1/armv7e-m/fpu\libgcc.a(_udivmoddi4.o)
                0x08001cc0                __exidx_end = .

.rel.dyn        0x08001cc0        0x0
 .rel.iplt      0x08001cc0        0x0 c:/program files (x86)/atollic/truestudio for stm32 9.0.1/armtools/bin/../lib/gcc/arm-atollic-eabi/6.3.1/armv7e-m/fpu/crtbegin.o

.preinit_array  0x08001cc0        0x0
                0x08001cc0                PROVIDE (__preinit_array_start, .)
 *(.preinit_array*)
                0x08001cc0                PROVIDE (__preinit_array_end, .)

.init_array     0x08001cc0        0x4
                0x08001cc0                PROVIDE (__init_array_start, .)
 *(SORT(.init_array.*))
 *(.init_array*)
 .init_array    0x08001cc0        0x4 c:/program files (x86)/atollic/truestudio for stm32 9.0.1/armtools/bin/../lib/gcc/arm-atollic-eabi/6.3.1/armv7e-m/fpu/crtbegin.o
                0x08001cc4                PROVIDE (__init_array_end, .)

.fini_array     0x08001cc4        0x4
                [!provide]                PROVIDE (__fini_array_start, .)
 *(SORT(.fini_array.*))
 *(.fini_array*)
 .fini_array    0x08001cc4        0x4 c:/program files (x86)/atollic/truestudio for stm32 9.0.1/armtools/bin/../lib/gcc/arm-atollic-eabi/6.3.1/armv7e-m/fpu/crtbegin.o
                [!provide]                PROVIDE (__fini_array_end, .)
                0x08001cc8                _sidata = LOADADDR (.data)

.data           0x20000000       0x10 load address 0x08001cc8
                0x20000000                . = ALIGN (0x4)
                0x20000000                _sdata = .
 *(.data)
 *(.data*)
 .data.uwTickFreq
                0x20000000        0x1 Drivers\STM32F4xx_HAL_Driver\Src\stm32f4xx_hal.o
                0x20000000                uwTickFreq
 *fill*         0x20000001        0x3 
 .data.uwTickPrio
                0x20000004        0x4 Drivers\STM32F4xx_HAL_Driver\Src\stm32f4xx_hal.o
                0x20000004                uwTickPrio
 .data.cols     0x20000008        0x1 Src\main.o
                0x20000008                cols
 .data.rows     0x20000009        0x1 Src\main.o
                0x20000009                rows
 *fill*         0x2000000a        0x2 
 .data.SystemCoreClock
                0x2000000c        0x4 Src\system_stm32f4xx.o
                0x2000000c                SystemCoreClock
                0x20000010                . = ALIGN (0x4)
                0x20000010                _edata = .

.igot.plt       0x20000010        0x0 load address 0x08001cd8
 .igot.plt      0x20000010        0x0 c:/program files (x86)/atollic/truestudio for stm32 9.0.1/armtools/bin/../lib/gcc/arm-atollic-eabi/6.3.1/armv7e-m/fpu/crtbegin.o
                0x20000010                . = ALIGN (0x4)

.bss            0x20000010      0x13c load address 0x08001cd8
                0x20000010                _sbss = .
                0x20000010                __bss_start__ = _sbss
 *(.bss)
 .bss           0x20000010       0x1c c:/program files (x86)/atollic/truestudio for stm32 9.0.1/armtools/bin/../lib/gcc/arm-atollic-eabi/6.3.1/armv7e-m/fpu/crtbegin.o
 *(.bss*)
 .bss.sekTick   0x2000002c        0x4 Src\delay.o
                0x2000002c                sekTick
 .bss.usekTick  0x20000030        0x4 Src\delay.o
                0x20000030                usekTick
 *(COMMON)
 COMMON         0x20000034        0x4 Drivers\STM32F4xx_HAL_Driver\Src\stm32f4xx_hal.o
                0x20000034                uwTick
 COMMON         0x20000038       0x3c Src\delay.o
                0x20000038                htim11
 COMMON         0x20000074       0xd8 Src\main.o
                0x20000074                lcd
                0x20000088                htim10
                0x200000c4                hadc1
                0x2000010c                huart2
                0x2000014c                . = ALIGN (0x4)
                0x2000014c                _ebss = .
                0x2000014c                __bss_end__ = _ebss

._user_heap_stack
                0x2000014c      0x600 load address 0x08001cd8
                0x2000014c                . = ALIGN (0x4)
                [!provide]                PROVIDE (end, .)
                [!provide]                PROVIDE (_end, .)
                0x2000034c                . = (. + _Min_Heap_Size)
 *fill*         0x2000014c      0x200 
                0x2000074c                . = (. + _Min_Stack_Size)
 *fill*         0x2000034c      0x400 
                0x2000074c                . = ALIGN (0x4)

/DISCARD/
 libc.a(*)
 libm.a(*)
 libgcc.a(*)

.ARM.attributes
                0x00000000       0x30
 *(.ARM.attributes)
 .ARM.attributes
                0x00000000       0x22 c:/program files (x86)/atollic/truestudio for stm32 9.0.1/armtools/bin/../lib/gcc/arm-atollic-eabi/6.3.1/armv7e-m/fpu/crti.o
 .ARM.attributes
                0x00000022       0x34 c:/program files (x86)/atollic/truestudio for stm32 9.0.1/armtools/bin/../lib/gcc/arm-atollic-eabi/6.3.1/armv7e-m/fpu/crtbegin.o
 .ARM.attributes
                0x00000056       0x39 Drivers\STM32F4xx_HAL_Driver\Src\stm32f4xx_hal.o
 .ARM.attributes
                0x0000008f       0x39 Drivers\STM32F4xx_HAL_Driver\Src\stm32f4xx_hal_adc.o
 .ARM.attributes
                0x000000c8       0x39 Drivers\STM32F4xx_HAL_Driver\Src\stm32f4xx_hal_cortex.o
 .ARM.attributes
                0x00000101       0x39 Drivers\STM32F4xx_HAL_Driver\Src\stm32f4xx_hal_gpio.o
 .ARM.attributes
                0x0000013a       0x39 Drivers\STM32F4xx_HAL_Driver\Src\stm32f4xx_hal_rcc.o
 .ARM.attributes
                0x00000173       0x39 Drivers\STM32F4xx_HAL_Driver\Src\stm32f4xx_hal_tim.o
 .ARM.attributes
                0x000001ac       0x39 Drivers\STM32F4xx_HAL_Driver\Src\stm32f4xx_hal_tim_ex.o
 .ARM.attributes
                0x000001e5       0x39 Drivers\STM32F4xx_HAL_Driver\Src\stm32f4xx_hal_uart.o
 .ARM.attributes
                0x0000021e       0x39 Src\delay.o
 .ARM.attributes
                0x00000257       0x39 Src\lcdDisplay.o
 .ARM.attributes
                0x00000290       0x39 Src\main.o
 .ARM.attributes
                0x000002c9       0x39 Src\stm32f4xx_hal_msp.o
 .ARM.attributes
                0x00000302       0x39 Src\stm32f4xx_it.o
 .ARM.attributes
                0x0000033b       0x39 Src\system_stm32f4xx.o
 .ARM.attributes
                0x00000374       0x21 startup\startup_stm32f401xe.o
 .ARM.attributes
                0x00000395       0x34 c:/program files (x86)/atollic/truestudio for stm32 9.0.1/armtools/bin/../lib/gcc/arm-atollic-eabi/6.3.1/../../../../arm-atollic-eabi/lib/armv7e-m/fpu\libc_nano.a(lib_a-init.o)
 .ARM.attributes
                0x000003c9       0x22 c:/program files (x86)/atollic/truestudio for stm32 9.0.1/armtools/bin/../lib/gcc/arm-atollic-eabi/6.3.1/armv7e-m/fpu\libgcc.a(_aeabi_uldivmod.o)
 .ARM.attributes
                0x000003eb       0x34 c:/program files (x86)/atollic/truestudio for stm32 9.0.1/armtools/bin/../lib/gcc/arm-atollic-eabi/6.3.1/armv7e-m/fpu\libgcc.a(_udivmoddi4.o)
 .ARM.attributes
                0x0000041f       0x22 c:/program files (x86)/atollic/truestudio for stm32 9.0.1/armtools/bin/../lib/gcc/arm-atollic-eabi/6.3.1/armv7e-m/fpu\libgcc.a(_dvmd_tls.o)
 .ARM.attributes
                0x00000441       0x22 c:/program files (x86)/atollic/truestudio for stm32 9.0.1/armtools/bin/../lib/gcc/arm-atollic-eabi/6.3.1/armv7e-m/fpu/crtn.o
OUTPUT(Lab_6_Temp.elf elf32-littlearm)

.debug_info     0x00000000    0x14f9f
 .debug_info    0x00000000     0x117a Drivers\STM32F4xx_HAL_Driver\Src\stm32f4xx_hal.o
 .debug_info    0x0000117a     0x15a5 Drivers\STM32F4xx_HAL_Driver\Src\stm32f4xx_hal_adc.o
 .debug_info    0x0000271f     0x16ae Drivers\STM32F4xx_HAL_Driver\Src\stm32f4xx_hal_cortex.o
 .debug_info    0x00003dcd      0xfaf Drivers\STM32F4xx_HAL_Driver\Src\stm32f4xx_hal_gpio.o
 .debug_info    0x00004d7c     0x1293 Drivers\STM32F4xx_HAL_Driver\Src\stm32f4xx_hal_rcc.o
 .debug_info    0x0000600f     0x3b9a Drivers\STM32F4xx_HAL_Driver\Src\stm32f4xx_hal_tim.o
 .debug_info    0x00009ba9     0x199d Drivers\STM32F4xx_HAL_Driver\Src\stm32f4xx_hal_tim_ex.o
 .debug_info    0x0000b546     0x1e9b Drivers\STM32F4xx_HAL_Driver\Src\stm32f4xx_hal_uart.o
 .debug_info    0x0000d3e1      0xe88 Src\delay.o
 .debug_info    0x0000e269     0x1486 Src\lcdDisplay.o
 .debug_info    0x0000f6ef     0x21cc Src\main.o
 .debug_info    0x000118bb     0x19e1 Src\stm32f4xx_hal_msp.o
 .debug_info    0x0001329c      0xf10 Src\stm32f4xx_it.o
 .debug_info    0x000141ac      0xd46 Src\system_stm32f4xx.o
 .debug_info    0x00014ef2       0xad startup\startup_stm32f401xe.o

.debug_abbrev   0x00000000     0x2838
 .debug_abbrev  0x00000000      0x308 Drivers\STM32F4xx_HAL_Driver\Src\stm32f4xx_hal.o
 .debug_abbrev  0x00000308      0x314 Drivers\STM32F4xx_HAL_Driver\Src\stm32f4xx_hal_adc.o
 .debug_abbrev  0x0000061c      0x399 Drivers\STM32F4xx_HAL_Driver\Src\stm32f4xx_hal_cortex.o
 .debug_abbrev  0x000009b5      0x268 Drivers\STM32F4xx_HAL_Driver\Src\stm32f4xx_hal_gpio.o
 .debug_abbrev  0x00000c1d      0x353 Drivers\STM32F4xx_HAL_Driver\Src\stm32f4xx_hal_rcc.o
 .debug_abbrev  0x00000f70      0x3ac Drivers\STM32F4xx_HAL_Driver\Src\stm32f4xx_hal_tim.o
 .debug_abbrev  0x0000131c      0x300 Drivers\STM32F4xx_HAL_Driver\Src\stm32f4xx_hal_tim_ex.o
 .debug_abbrev  0x0000161c      0x397 Drivers\STM32F4xx_HAL_Driver\Src\stm32f4xx_hal_uart.o
 .debug_abbrev  0x000019b3      0x215 Src\delay.o
 .debug_abbrev  0x00001bc8      0x262 Src\lcdDisplay.o
 .debug_abbrev  0x00001e2a      0x39a Src\main.o
 .debug_abbrev  0x000021c4      0x256 Src\stm32f4xx_hal_msp.o
 .debug_abbrev  0x0000241a      0x242 Src\stm32f4xx_it.o
 .debug_abbrev  0x0000265c      0x1ca Src\system_stm32f4xx.o
 .debug_abbrev  0x00002826       0x12 startup\startup_stm32f401xe.o

.debug_loc      0x00000000     0x67f9
 .debug_loc     0x00000000      0x11b Drivers\STM32F4xx_HAL_Driver\Src\stm32f4xx_hal.o
 .debug_loc     0x0000011b      0x79c Drivers\STM32F4xx_HAL_Driver\Src\stm32f4xx_hal_adc.o
 .debug_loc     0x000008b7      0x4fb Drivers\STM32F4xx_HAL_Driver\Src\stm32f4xx_hal_cortex.o
 .debug_loc     0x00000db2      0x381 Drivers\STM32F4xx_HAL_Driver\Src\stm32f4xx_hal_gpio.o
 .debug_loc     0x00001133      0x336 Drivers\STM32F4xx_HAL_Driver\Src\stm32f4xx_hal_rcc.o
 .debug_loc     0x00001469     0x2ff9 Drivers\STM32F4xx_HAL_Driver\Src\stm32f4xx_hal_tim.o
 .debug_loc     0x00004462      0x84a Drivers\STM32F4xx_HAL_Driver\Src\stm32f4xx_hal_tim_ex.o
 .debug_loc     0x00004cac     0x132c Drivers\STM32F4xx_HAL_Driver\Src\stm32f4xx_hal_uart.o
 .debug_loc     0x00005fd8       0x4c Src\delay.o
 .debug_loc     0x00006024      0x381 Src\lcdDisplay.o
 .debug_loc     0x000063a5      0x21f Src\main.o
 .debug_loc     0x000065c4      0x119 Src\stm32f4xx_hal_msp.o
 .debug_loc     0x000066dd      0x11c Src\system_stm32f4xx.o

.debug_aranges  0x00000000      0x980
 .debug_aranges
                0x00000000       0xd8 Drivers\STM32F4xx_HAL_Driver\Src\stm32f4xx_hal.o
 .debug_aranges
                0x000000d8       0xb8 Drivers\STM32F4xx_HAL_Driver\Src\stm32f4xx_hal_adc.o
 .debug_aranges
                0x00000190       0xa8 Drivers\STM32F4xx_HAL_Driver\Src\stm32f4xx_hal_cortex.o
 .debug_aranges
                0x00000238       0x58 Drivers\STM32F4xx_HAL_Driver\Src\stm32f4xx_hal_gpio.o
 .debug_aranges
                0x00000290       0x88 Drivers\STM32F4xx_HAL_Driver\Src\stm32f4xx_hal_rcc.o
 .debug_aranges
                0x00000318      0x250 Drivers\STM32F4xx_HAL_Driver\Src\stm32f4xx_hal_tim.o
 .debug_aranges
                0x00000568       0xf0 Drivers\STM32F4xx_HAL_Driver\Src\stm32f4xx_hal_tim_ex.o
 .debug_aranges
                0x00000658      0x170 Drivers\STM32F4xx_HAL_Driver\Src\stm32f4xx_hal_uart.o
 .debug_aranges
                0x000007c8       0x20 Src\delay.o
 .debug_aranges
                0x000007e8       0x68 Src\lcdDisplay.o
 .debug_aranges
                0x00000850       0x38 Src\main.o
 .debug_aranges
                0x00000888       0x50 Src\stm32f4xx_hal_msp.o
 .debug_aranges
                0x000008d8       0x58 Src\stm32f4xx_it.o
 .debug_aranges
                0x00000930       0x28 Src\system_stm32f4xx.o
 .debug_aranges
                0x00000958       0x28 startup\startup_stm32f401xe.o

.debug_ranges   0x00000000      0xc08
 .debug_ranges  0x00000000       0xc8 Drivers\STM32F4xx_HAL_Driver\Src\stm32f4xx_hal.o
 .debug_ranges  0x000000c8       0xc8 Drivers\STM32F4xx_HAL_Driver\Src\stm32f4xx_hal_adc.o
 .debug_ranges  0x00000190      0x138 Drivers\STM32F4xx_HAL_Driver\Src\stm32f4xx_hal_cortex.o
 .debug_ranges  0x000002c8       0x68 Drivers\STM32F4xx_HAL_Driver\Src\stm32f4xx_hal_gpio.o
 .debug_ranges  0x00000330       0xb0 Drivers\STM32F4xx_HAL_Driver\Src\stm32f4xx_hal_rcc.o
 .debug_ranges  0x000003e0      0x330 Drivers\STM32F4xx_HAL_Driver\Src\stm32f4xx_hal_tim.o
 .debug_ranges  0x00000710       0xe0 Drivers\STM32F4xx_HAL_Driver\Src\stm32f4xx_hal_tim_ex.o
 .debug_ranges  0x000007f0      0x178 Drivers\STM32F4xx_HAL_Driver\Src\stm32f4xx_hal_uart.o
 .debug_ranges  0x00000968       0x10 Src\delay.o
 .debug_ranges  0x00000978       0x58 Src\lcdDisplay.o
 .debug_ranges  0x000009d0       0xf0 Src\main.o
 .debug_ranges  0x00000ac0       0xc8 Src\stm32f4xx_hal_msp.o
 .debug_ranges  0x00000b88       0x48 Src\stm32f4xx_it.o
 .debug_ranges  0x00000bd0       0x18 Src\system_stm32f4xx.o
 .debug_ranges  0x00000be8       0x20 startup\startup_stm32f401xe.o

.debug_line     0x00000000     0x5337
 .debug_line    0x00000000      0x492 Drivers\STM32F4xx_HAL_Driver\Src\stm32f4xx_hal.o
 .debug_line    0x00000492      0x758 Drivers\STM32F4xx_HAL_Driver\Src\stm32f4xx_hal_adc.o
 .debug_line    0x00000bea      0x4dc Drivers\STM32F4xx_HAL_Driver\Src\stm32f4xx_hal_cortex.o
 .debug_line    0x000010c6      0x45e Drivers\STM32F4xx_HAL_Driver\Src\stm32f4xx_hal_gpio.o
 .debug_line    0x00001524      0x58b Drivers\STM32F4xx_HAL_Driver\Src\stm32f4xx_hal_rcc.o
 .debug_line    0x00001aaf     0x10b4 Drivers\STM32F4xx_HAL_Driver\Src\stm32f4xx_hal_tim.o
 .debug_line    0x00002b63      0x6cb Drivers\STM32F4xx_HAL_Driver\Src\stm32f4xx_hal_tim_ex.o
 .debug_line    0x0000322e      0xbef Drivers\STM32F4xx_HAL_Driver\Src\stm32f4xx_hal_uart.o
 .debug_line    0x00003e1d      0x2b7 Src\delay.o
 .debug_line    0x000040d4      0x3c5 Src\lcdDisplay.o
 .debug_line    0x00004499      0x492 Src\main.o
 .debug_line    0x0000492b      0x3c9 Src\stm32f4xx_hal_msp.o
 .debug_line    0x00004cf4      0x34f Src\stm32f4xx_it.o
 .debug_line    0x00005043      0x275 Src\system_stm32f4xx.o
 .debug_line    0x000052b8       0x7f startup\startup_stm32f401xe.o

.debug_str      0x00000000     0x3ba4
 .debug_str     0x00000000      0xdf3 Drivers\STM32F4xx_HAL_Driver\Src\stm32f4xx_hal.o
                                0xe9f (size before relaxing)
 .debug_str     0x00000df3      0x6c9 Drivers\STM32F4xx_HAL_Driver\Src\stm32f4xx_hal_adc.o
                                0xdef (size before relaxing)
 .debug_str     0x000014bc      0x3c3 Drivers\STM32F4xx_HAL_Driver\Src\stm32f4xx_hal_cortex.o
                                0xf64 (size before relaxing)
 .debug_str     0x0000187f      0x1d3 Drivers\STM32F4xx_HAL_Driver\Src\stm32f4xx_hal_gpio.o
                                0x9ae (size before relaxing)
 .debug_str     0x00001a52      0x2e9 Drivers\STM32F4xx_HAL_Driver\Src\stm32f4xx_hal_rcc.o
                                0xb81 (size before relaxing)
 .debug_str     0x00001d3b      0xeda Drivers\STM32F4xx_HAL_Driver\Src\stm32f4xx_hal_tim.o
                               0x1861 (size before relaxing)
 .debug_str     0x00002c15      0x50d Drivers\STM32F4xx_HAL_Driver\Src\stm32f4xx_hal_tim_ex.o
                               0x1121 (size before relaxing)
 .debug_str     0x00003122      0x6e7 Drivers\STM32F4xx_HAL_Driver\Src\stm32f4xx_hal_uart.o
                               0x109e (size before relaxing)
 .debug_str     0x00003809       0x2e Src\delay.o
                                0xad0 (size before relaxing)
 .debug_str     0x00003837      0x103 Src\lcdDisplay.o
                                0xbe1 (size before relaxing)
 .debug_str     0x0000393a      0x123 Src\main.o
                               0x1713 (size before relaxing)
 .debug_str     0x00003a5d       0x25 Src\stm32f4xx_hal_msp.o
                               0x13ab (size before relaxing)
 .debug_str     0x00003a82       0xdd Src\stm32f4xx_it.o
                                0xb99 (size before relaxing)
 .debug_str     0x00003b5f       0x45 Src\system_stm32f4xx.o
                                0x812 (size before relaxing)

.comment        0x00000000       0x7c
 .comment       0x00000000       0x7c Drivers\STM32F4xx_HAL_Driver\Src\stm32f4xx_hal.o
                                 0x7d (size before relaxing)
 .comment       0x0000007c       0x7d Drivers\STM32F4xx_HAL_Driver\Src\stm32f4xx_hal_adc.o
 .comment       0x0000007c       0x7d Drivers\STM32F4xx_HAL_Driver\Src\stm32f4xx_hal_cortex.o
 .comment       0x0000007c       0x7d Drivers\STM32F4xx_HAL_Driver\Src\stm32f4xx_hal_gpio.o
 .comment       0x0000007c       0x7d Drivers\STM32F4xx_HAL_Driver\Src\stm32f4xx_hal_rcc.o
 .comment       0x0000007c       0x7d Drivers\STM32F4xx_HAL_Driver\Src\stm32f4xx_hal_tim.o
 .comment       0x0000007c       0x7d Drivers\STM32F4xx_HAL_Driver\Src\stm32f4xx_hal_tim_ex.o
 .comment       0x0000007c       0x7d Drivers\STM32F4xx_HAL_Driver\Src\stm32f4xx_hal_uart.o
 .comment       0x0000007c       0x7d Src\delay.o
 .comment       0x0000007c       0x7d Src\lcdDisplay.o
 .comment       0x0000007c       0x7d Src\main.o
 .comment       0x0000007c       0x7d Src\stm32f4xx_hal_msp.o
 .comment       0x0000007c       0x7d Src\stm32f4xx_it.o
 .comment       0x0000007c       0x7d Src\system_stm32f4xx.o

.debug_frame    0x00000000     0x1be0
 .debug_frame   0x00000000      0x1d0 Drivers\STM32F4xx_HAL_Driver\Src\stm32f4xx_hal.o
 .debug_frame   0x000001d0      0x244 Drivers\STM32F4xx_HAL_Driver\Src\stm32f4xx_hal_adc.o
 .debug_frame   0x00000414      0x158 Drivers\STM32F4xx_HAL_Driver\Src\stm32f4xx_hal_cortex.o
 .debug_frame   0x0000056c       0xd8 Drivers\STM32F4xx_HAL_Driver\Src\stm32f4xx_hal_gpio.o
 .debug_frame   0x00000644      0x13c Drivers\STM32F4xx_HAL_Driver\Src\stm32f4xx_hal_rcc.o
 .debug_frame   0x00000780      0x854 Drivers\STM32F4xx_HAL_Driver\Src\stm32f4xx_hal_tim.o
 .debug_frame   0x00000fd4      0x330 Drivers\STM32F4xx_HAL_Driver\Src\stm32f4xx_hal_tim_ex.o
 .debug_frame   0x00001304      0x4a0 Drivers\STM32F4xx_HAL_Driver\Src\stm32f4xx_hal_uart.o
 .debug_frame   0x000017a4       0x2c Src\delay.o
 .debug_frame   0x000017d0      0x154 Src\lcdDisplay.o
 .debug_frame   0x00001924       0x84 Src\main.o
 .debug_frame   0x000019a8       0xa8 Src\stm32f4xx_hal_msp.o
 .debug_frame   0x00001a50       0xcc Src\stm32f4xx_it.o
 .debug_frame   0x00001b1c       0x38 Src\system_stm32f4xx.o
 .debug_frame   0x00001b54       0x2c c:/program files (x86)/atollic/truestudio for stm32 9.0.1/armtools/bin/../lib/gcc/arm-atollic-eabi/6.3.1/../../../../arm-atollic-eabi/lib/armv7e-m/fpu\libc_nano.a(lib_a-init.o)
 .debug_frame   0x00001b80       0x2c c:/program files (x86)/atollic/truestudio for stm32 9.0.1/armtools/bin/../lib/gcc/arm-atollic-eabi/6.3.1/armv7e-m/fpu\libgcc.a(_aeabi_uldivmod.o)
 .debug_frame   0x00001bac       0x34 c:/program files (x86)/atollic/truestudio for stm32 9.0.1/armtools/bin/../lib/gcc/arm-atollic-eabi/6.3.1/armv7e-m/fpu\libgcc.a(_udivmoddi4.o)
